[     436ms] [WARNING] Caught a recoverable error. The site is still functional, but might have some UI flickering or degraded page load performance. If you are the author of this website, update external components and check recently added custom code or code overrides to fix the following server/client mismatches:
 Error: Minified React error #425; visit https://reactjs.org/docs/error-decoder.html?invariant=425 for the full message or use the non-minified dev environment for full errors and additional helpful warnings.
    at Ii (https://framerusercontent.com/sites/5OdC8fFdfIksjC0PHuA6WH/react.ZuBMAs26.mjs:6:68)
    at us (https://framerusercontent.com/sites/5OdC8fFdfIksjC0PHuA6WH/react.ZuBMAs26.mjs:8:14036)
    at ec (https://framerusercontent.com/sites/5OdC8fFdfIksjC0PHuA6WH/react.ZuBMAs26.mjs:8:37372)
    at $s (https://framerusercontent.com/sites/5OdC8fFdfIksjC0PHuA6WH/react.ZuBMAs26.mjs:8:37134)
    at Qs (https://framerusercontent.com/sites/5OdC8fFdfIksjC0PHuA6WH/react.ZuBMAs26.mjs:8:37046)
    at Ls (https://framerusercontent.com/sites/5OdC8fFdfIksjC0PHuA6WH/react.ZuBMAs26.mjs:8:32130)
    at wt (https://framerusercontent.com/sites/5OdC8fFdfIksjC0PHuA6WH/react.ZuBMAs26.mjs:1:10651)
    at MessagePort.Et (https://framerusercontent.com/sites/5OdC8fFdfIksjC0PHuA6WH/react.ZuBMAs26.mjs:1:11006) 
    at style
    at div
    at f (https://framerusercontent.com/sites/5OdC8fFdfIksjC0PHuA6WH/RollingTextHover_Prod.FWLbm19V.mjs:1:251)
    at MS (https://framerusercontent.com/sites/5OdC8fFdfIksjC0PHuA6WH/framer.M2tMxbwv.mjs:1031:716)
    at Suspense
    at dl (https://framerusercontent.com/sites/5OdC8fFdfIksjC0PHuA6WH/framer.M2tMxbwv.mjs:49:69946)
    at _l (https://framerusercontent.com/sites/5OdC8fFdfIksjC0PHuA6WH/framer.M2tMxbwv.mjs:49:70610)
    at gl (https://framerusercontent.com/sites/5OdC8fFdfIksjC0PHuA6WH/framer.M2tMxbwv.mjs:49:70472)
    at bl (https://framerusercontent.com/sites/5OdC8fFdfIksjC0PHuA6WH/framer.M2tMxbwv.mjs:49:70881)
    at sf (https://framerusercontent.com/sites/5OdC8fFdfIksjC0PHuA6WH/motion.BXVtp1rV.mjs:9:71933)
    at ta (https://framerusercontent.com/sites/5OdC8fFdfIksjC0PHuA6WH/framer.M2tMxbwv.mjs:49:23546)
    at div
    at s (https://framerusercontent.com/sites/5OdC8fFdfIksjC0PHuA6WH/motion.BXVtp1rV.mjs:9:5743)
    at https://framerusercontent.com/sites/5OdC8fFdfIksjC0PHuA6WH/framer.M2tMxbwv.mjs:1031:1471
    at https://framerusercontent.com/sites/5OdC8fFdfIksjC0PHuA6WH/framer.M2tMxbwv.mjs:1024:32245
    at https://framerusercontent.com/sites/5OdC8fFdfIksjC0PHuA6WH/framer.M2tMxbwv.mjs:1024:32058
    at a
    at s (https://framerusercontent.com/sites/5OdC8fFdfIksjC0PHuA6WH/motion.BXVtp1rV.mjs:9:5743)
    at https://framerusercontent.com/sites/5OdC8fFdfIksjC0PHuA6WH/framer.M2tMxbwv.mjs:1031:7228
    at Suspense
    at dl (https://framerusercontent.com/sites/5OdC8fFdfIksjC0PHuA6WH/framer.M2tMxbwv.mjs:49:69946)
    at $l (https://framerusercontent.com/sites/5OdC8fFdfIksjC0PHuA6WH/framer.M2tMxbwv.mjs:49:76744)
    at div
    at s (https://framerusercontent.com/sites/5OdC8fFdfIksjC0PHuA6WH/motion.BXVtp1rV.mjs:9:5743)
    at sf (https://framerusercontent.com/sites/5OdC8fFdfIksjC0PHuA6WH/motion.BXVtp1rV.mjs:9:71933)
    at https://framerusercontent.com/sites/5OdC8fFdfIksjC0PHuA6WH/script_main.CH5-YVqc.mjs:1:60644
    at https://framerusercontent.com/sites/5OdC8fFdfIksjC0PHuA6WH/framer.M2tMxbwv.mjs:112:34587
    at ir (https://framerusercontent.com/sites/5OdC8fFdfIksjC0PHuA6WH/script_main.CH5-YVqc.mjs:1:65259)
    at fd (https://framerusercontent.com/sites/5OdC8fFdfIksjC0PHuA6WH/framer.M2tMxbwv.mjs:51:6134)
    at B_ (https://framerusercontent.com/sites/5OdC8fFdfIksjC0PHuA6WH/framer.M2tMxbwv.mjs:112:6184)
    at Suspense
    at dl (https://framerusercontent.com/sites/5OdC8fFdfIksjC0PHuA6WH/framer.M2tMxbwv.mjs:49:69946)
    at DS (https://framerusercontent.com/sites/5OdC8fFdfIksjC0PHuA6WH/framer.M2tMxbwv.mjs:1024:32345)
    at Vu (https://framerusercontent.com/sites/5OdC8fFdfIksjC0PHuA6WH/framer.M2tMxbwv.mjs:49:88516)
    at kr (https://framerusercontent.com/sites/5OdC8fFdfIksjC0PHuA6WH/framer.M2tMxbwv.mjs:49:7161)
    at https://framerusercontent.com/sites/5OdC8fFdfIksjC0PHuA6WH/framer.M2tMxbwv.mjs:1031:2511
    at https://framerusercontent.com/sites/5OdC8fFdfIksjC0PHuA6WH/framer.M2tMxbwv.mjs:112:34587
    at Dt (https://framerusercontent.com/sites/5OdC8fFdfIksjC0PHuA6WH/framer.M2tMxbwv.mjs:3:2957)
    at dd (https://framerusercontent.com/sites/5OdC8fFdfIksjC0PHuA6WH/framer.M2tMxbwv.mjs:51:2003)
    at Wu (https://framerusercontent.com/sites/5OdC8fFdfIksjC0PHuA6WH/framer.M2tMxbwv.mjs:49:89372)
    at mw (https://framerusercontent.com/sites/5OdC8fFdfIksjC0PHuA6WH/framer.M2tMxbwv.mjs:1031:16900)
    at _n (https://framerusercontent.com/sites/5OdC8fFdfIksjC0PHuA6WH/framer.M2tMxbwv.mjs:7:9152)
    at oa (https://framerusercontent.com/sites/5OdC8fFdfIksjC0PHuA6WH/motion.BXVtp1rV.mjs:9:1424)
    at yr (https://framerusercontent.com/sites/5OdC8fFdfIksjC0PHuA6WH/framer.M2tMxbwv.mjs:49:6495)
    at Sd (https://framerusercontent.com/sites/5OdC8fFdfIksjC0PHuA6WH/framer.M2tMxbwv.mjs:51:7399)
    at iC (https://framerusercontent.com/sites/5OdC8fFdfIksjC0PHuA6WH/framer.M2tMxbwv.mjs:1031:6148)
    at zn (https://framerusercontent.com/sites/5OdC8fFdfIksjC0PHuA6WH/framer.M2tMxbwv.mjs:7:14043) @ https://framerusercontent.com/sites/5OdC8fFdfIksjC0PHuA6WH/script_main.CH5-YVqc.mjs:0
[     437ms] [WARNING] Caught a recoverable error. The site is still functional, but might have some UI flickering or degraded page load performance. If you are the author of this website, update external components and check recently added custom code or code overrides to fix the following server/client mismatches:
 Error: Minified React error #422; visit https://reactjs.org/docs/error-decoder.html?invariant=422 for the full message or use the non-minified dev environment for full errors and additional helpful warnings.
    at ns (https://framerusercontent.com/sites/5OdC8fFdfIksjC0PHuA6WH/react.ZuBMAs26.mjs:8:8255)
    at $o (https://framerusercontent.com/sites/5OdC8fFdfIksjC0PHuA6WH/react.ZuBMAs26.mjs:8:7196)
    at cp (https://framerusercontent.com/sites/5OdC8fFdfIksjC0PHuA6WH/react.ZuBMAs26.mjs:8:68482)
    at $s (https://framerusercontent.com/sites/5OdC8fFdfIksjC0PHuA6WH/react.ZuBMAs26.mjs:8:37073)
    at Qs (https://framerusercontent.com/sites/5OdC8fFdfIksjC0PHuA6WH/react.ZuBMAs26.mjs:8:37046)
    at Ls (https://framerusercontent.com/sites/5OdC8fFdfIksjC0PHuA6WH/react.ZuBMAs26.mjs:8:32130)
    at wt (https://framerusercontent.com/sites/5OdC8fFdfIksjC0PHuA6WH/react.ZuBMAs26.mjs:1:10651)
    at MessagePort.Et (https://framerusercontent.com/sites/5OdC8fFdfIksjC0PHuA6WH/react.ZuBMAs26.mjs:1:11006) null @ https://framerusercontent.com/sites/5OdC8fFdfIksjC0PHuA6WH/script_main.CH5-YVqc.mjs:0
[     437ms] [WARNING] Caught a recoverable error. The site is still functional, but might have some UI flickering or degraded page load performance. If you are the author of this website, update external components and check recently added custom code or code overrides to fix the following server/client mismatches:
 Error: Minified React error #425; visit https://reactjs.org/docs/error-decoder.html?invariant=425 for the full message or use the non-minified dev environment for full errors and additional helpful warnings.
    at Ii (https://framerusercontent.com/sites/5OdC8fFdfIksjC0PHuA6WH/react.ZuBMAs26.mjs:6:68)
    at us (https://framerusercontent.com/sites/5OdC8fFdfIksjC0PHuA6WH/react.ZuBMAs26.mjs:8:14036)
    at ec (https://framerusercontent.com/sites/5OdC8fFdfIksjC0PHuA6WH/react.ZuBMAs26.mjs:8:37372)
    at $s (https://framerusercontent.com/sites/5OdC8fFdfIksjC0PHuA6WH/react.ZuBMAs26.mjs:8:37134)
    at Qs (https://framerusercontent.com/sites/5OdC8fFdfIksjC0PHuA6WH/react.ZuBMAs26.mjs:8:37046)
    at Ls (https://framerusercontent.com/sites/5OdC8fFdfIksjC0PHuA6WH/react.ZuBMAs26.mjs:8:32130)
    at wt (https://framerusercontent.com/sites/5OdC8fFdfIksjC0PHuA6WH/react.ZuBMAs26.mjs:1:10651)
    at MessagePort.Et (https://framerusercontent.com/sites/5OdC8fFdfIksjC0PHuA6WH/react.ZuBMAs26.mjs:1:11006) 
    at style
    at div
    at f (https://framerusercontent.com/sites/5OdC8fFdfIksjC0PHuA6WH/RollingTextHover_Prod.FWLbm19V.mjs:1:251)
    at MS (https://framerusercontent.com/sites/5OdC8fFdfIksjC0PHuA6WH/framer.M2tMxbwv.mjs:1031:716)
    at Suspense
    at dl (https://framerusercontent.com/sites/5OdC8fFdfIksjC0PHuA6WH/framer.M2tMxbwv.mjs:49:69946)
    at _l (https://framerusercontent.com/sites/5OdC8fFdfIksjC0PHuA6WH/framer.M2tMxbwv.mjs:49:70610)
    at gl (https://framerusercontent.com/sites/5OdC8fFdfIksjC0PHuA6WH/framer.M2tMxbwv.mjs:49:70472)
    at bl (https://framerusercontent.com/sites/5OdC8fFdfIksjC0PHuA6WH/framer.M2tMxbwv.mjs:49:70881)
    at sf (https://framerusercontent.com/sites/5OdC8fFdfIksjC0PHuA6WH/motion.BXVtp1rV.mjs:9:71933)
    at ta (https://framerusercontent.com/sites/5OdC8fFdfIksjC0PHuA6WH/framer.M2tMxbwv.mjs:49:23546)
    at div
    at s (https://framerusercontent.com/sites/5OdC8fFdfIksjC0PHuA6WH/motion.BXVtp1rV.mjs:9:5743)
    at https://framerusercontent.com/sites/5OdC8fFdfIksjC0PHuA6WH/framer.M2tMxbwv.mjs:1031:1471
    at https://framerusercontent.com/sites/5OdC8fFdfIksjC0PHuA6WH/framer.M2tMxbwv.mjs:1024:32245
    at https://framerusercontent.com/sites/5OdC8fFdfIksjC0PHuA6WH/framer.M2tMxbwv.mjs:1024:32058
    at a
    at s (https://framerusercontent.com/sites/5OdC8fFdfIksjC0PHuA6WH/motion.BXVtp1rV.mjs:9:5743)
    at https://framerusercontent.com/sites/5OdC8fFdfIksjC0PHuA6WH/framer.M2tMxbwv.mjs:1031:7228
    at Suspense
    at dl (https://framerusercontent.com/sites/5OdC8fFdfIksjC0PHuA6WH/framer.M2tMxbwv.mjs:49:69946)
    at $l (https://framerusercontent.com/sites/5OdC8fFdfIksjC0PHuA6WH/framer.M2tMxbwv.mjs:49:76744)
    at div
    at s (https://framerusercontent.com/sites/5OdC8fFdfIksjC0PHuA6WH/motion.BXVtp1rV.mjs:9:5743)
    at sf (https://framerusercontent.com/sites/5OdC8fFdfIksjC0PHuA6WH/motion.BXVtp1rV.mjs:9:71933)
    at https://framerusercontent.com/sites/5OdC8fFdfIksjC0PHuA6WH/script_main.CH5-YVqc.mjs:1:60644
    at https://framerusercontent.com/sites/5OdC8fFdfIksjC0PHuA6WH/framer.M2tMxbwv.mjs:112:34587
    at ir (https://framerusercontent.com/sites/5OdC8fFdfIksjC0PHuA6WH/script_main.CH5-YVqc.mjs:1:65259)
    at fd (https://framerusercontent.com/sites/5OdC8fFdfIksjC0PHuA6WH/framer.M2tMxbwv.mjs:51:6134)
    at B_ (https://framerusercontent.com/sites/5OdC8fFdfIksjC0PHuA6WH/framer.M2tMxbwv.mjs:112:6184)
    at Suspense
    at dl (https://framerusercontent.com/sites/5OdC8fFdfIksjC0PHuA6WH/framer.M2tMxbwv.mjs:49:69946)
    at DS (https://framerusercontent.com/sites/5OdC8fFdfIksjC0PHuA6WH/framer.M2tMxbwv.mjs:1024:32345)
    at Vu (https://framerusercontent.com/sites/5OdC8fFdfIksjC0PHuA6WH/framer.M2tMxbwv.mjs:49:88516)
    at kr (https://framerusercontent.com/sites/5OdC8fFdfIksjC0PHuA6WH/framer.M2tMxbwv.mjs:49:7161)
    at https://framerusercontent.com/sites/5OdC8fFdfIksjC0PHuA6WH/framer.M2tMxbwv.mjs:1031:2511
    at https://framerusercontent.com/sites/5OdC8fFdfIksjC0PHuA6WH/framer.M2tMxbwv.mjs:112:34587
    at Dt (https://framerusercontent.com/sites/5OdC8fFdfIksjC0PHuA6WH/framer.M2tMxbwv.mjs:3:2957)
    at dd (https://framerusercontent.com/sites/5OdC8fFdfIksjC0PHuA6WH/framer.M2tMxbwv.mjs:51:2003)
    at Wu (https://framerusercontent.com/sites/5OdC8fFdfIksjC0PHuA6WH/framer.M2tMxbwv.mjs:49:89372)
    at mw (https://framerusercontent.com/sites/5OdC8fFdfIksjC0PHuA6WH/framer.M2tMxbwv.mjs:1031:16900)
    at _n (https://framerusercontent.com/sites/5OdC8fFdfIksjC0PHuA6WH/framer.M2tMxbwv.mjs:7:9152)
    at oa (https://framerusercontent.com/sites/5OdC8fFdfIksjC0PHuA6WH/motion.BXVtp1rV.mjs:9:1424)
    at yr (https://framerusercontent.com/sites/5OdC8fFdfIksjC0PHuA6WH/framer.M2tMxbwv.mjs:49:6495)
    at Sd (https://framerusercontent.com/sites/5OdC8fFdfIksjC0PHuA6WH/framer.M2tMxbwv.mjs:51:7399)
    at iC (https://framerusercontent.com/sites/5OdC8fFdfIksjC0PHuA6WH/framer.M2tMxbwv.mjs:1031:6148)
    at zn (https://framerusercontent.com/sites/5OdC8fFdfIksjC0PHuA6WH/framer.M2tMxbwv.mjs:7:14043) @ https://framerusercontent.com/sites/5OdC8fFdfIksjC0PHuA6WH/script_main.CH5-YVqc.mjs:0
[     437ms] [WARNING] Caught a recoverable error. The site is still functional, but might have some UI flickering or degraded page load performance. If you are the author of this website, update external components and check recently added custom code or code overrides to fix the following server/client mismatches:
 Error: Minified React error #422; visit https://reactjs.org/docs/error-decoder.html?invariant=422 for the full message or use the non-minified dev environment for full errors and additional helpful warnings.
    at ns (https://framerusercontent.com/sites/5OdC8fFdfIksjC0PHuA6WH/react.ZuBMAs26.mjs:8:8255)
    at $o (https://framerusercontent.com/sites/5OdC8fFdfIksjC0PHuA6WH/react.ZuBMAs26.mjs:8:7196)
    at cp (https://framerusercontent.com/sites/5OdC8fFdfIksjC0PHuA6WH/react.ZuBMAs26.mjs:8:68482)
    at $s (https://framerusercontent.com/sites/5OdC8fFdfIksjC0PHuA6WH/react.ZuBMAs26.mjs:8:37073)
    at Qs (https://framerusercontent.com/sites/5OdC8fFdfIksjC0PHuA6WH/react.ZuBMAs26.mjs:8:37046)
    at Ls (https://framerusercontent.com/sites/5OdC8fFdfIksjC0PHuA6WH/react.ZuBMAs26.mjs:8:32130)
    at wt (https://framerusercontent.com/sites/5OdC8fFdfIksjC0PHuA6WH/react.ZuBMAs26.mjs:1:10651)
    at MessagePort.Et (https://framerusercontent.com/sites/5OdC8fFdfIksjC0PHuA6WH/react.ZuBMAs26.mjs:1:11006) null @ https://framerusercontent.com/sites/5OdC8fFdfIksjC0PHuA6WH/script_main.CH5-YVqc.mjs:0
[     458ms] [WARNING] Caught a recoverable error. The site is still functional, but might have some UI flickering or degraded page load performance. If you are the author of this website, update external components and check recently added custom code or code overrides to fix the following server/client mismatches:
 Error: Minified React error #425; visit https://reactjs.org/docs/error-decoder.html?invariant=425 for the full message or use the non-minified dev environment for full errors and additional helpful warnings.
    at Ii (https://framerusercontent.com/sites/5OdC8fFdfIksjC0PHuA6WH/react.ZuBMAs26.mjs:6:68)
    at us (https://framerusercontent.com/sites/5OdC8fFdfIksjC0PHuA6WH/react.ZuBMAs26.mjs:8:14036)
    at ec (https://framerusercontent.com/sites/5OdC8fFdfIksjC0PHuA6WH/react.ZuBMAs26.mjs:8:37372)
    at $s (https://framerusercontent.com/sites/5OdC8fFdfIksjC0PHuA6WH/react.ZuBMAs26.mjs:8:37134)
    at Qs (https://framerusercontent.com/sites/5OdC8fFdfIksjC0PHuA6WH/react.ZuBMAs26.mjs:8:37046)
    at Ls (https://framerusercontent.com/sites/5OdC8fFdfIksjC0PHuA6WH/react.ZuBMAs26.mjs:8:32130)
    at wt (https://framerusercontent.com/sites/5OdC8fFdfIksjC0PHuA6WH/react.ZuBMAs26.mjs:1:10651)
    at MessagePort.Et (https://framerusercontent.com/sites/5OdC8fFdfIksjC0PHuA6WH/react.ZuBMAs26.mjs:1:11006) 
    at style
    at div
    at f (https://framerusercontent.com/sites/5OdC8fFdfIksjC0PHuA6WH/RollingTextHover_Prod.FWLbm19V.mjs:1:251)
    at MS (https://framerusercontent.com/sites/5OdC8fFdfIksjC0PHuA6WH/framer.M2tMxbwv.mjs:1031:716)
    at Suspense
    at dl (https://framerusercontent.com/sites/5OdC8fFdfIksjC0PHuA6WH/framer.M2tMxbwv.mjs:49:69946)
    at _l (https://framerusercontent.com/sites/5OdC8fFdfIksjC0PHuA6WH/framer.M2tMxbwv.mjs:49:70610)
    at gl (https://framerusercontent.com/sites/5OdC8fFdfIksjC0PHuA6WH/framer.M2tMxbwv.mjs:49:70472)
    at bl (https://framerusercontent.com/sites/5OdC8fFdfIksjC0PHuA6WH/framer.M2tMxbwv.mjs:49:70881)
    at div
    at s (https://framerusercontent.com/sites/5OdC8fFdfIksjC0PHuA6WH/motion.BXVtp1rV.mjs:9:5743)
    at https://framerusercontent.com/sites/5OdC8fFdfIksjC0PHuA6WH/framer.M2tMxbwv.mjs:1031:1952
    at https://framerusercontent.com/sites/5OdC8fFdfIksjC0PHuA6WH/framer.M2tMxbwv.mjs:1024:32058
    at button
    at s (https://framerusercontent.com/sites/5OdC8fFdfIksjC0PHuA6WH/motion.BXVtp1rV.mjs:9:5743)
    at q (https://framerusercontent.com/sites/5OdC8fFdfIksjC0PHuA6WH/TOUrkh28a.ClMpIvMN.mjs:1:2463)
    at s (https://framerusercontent.com/sites/5OdC8fFdfIksjC0PHuA6WH/motion.BXVtp1rV.mjs:9:5743)
    at sf (https://framerusercontent.com/sites/5OdC8fFdfIksjC0PHuA6WH/motion.BXVtp1rV.mjs:9:71933)
    at https://framerusercontent.com/sites/5OdC8fFdfIksjC0PHuA6WH/TOUrkh28a.ClMpIvMN.mjs:1:2905
    at https://framerusercontent.com/sites/5OdC8fFdfIksjC0PHuA6WH/framer.M2tMxbwv.mjs:112:34587
    at sf (https://framerusercontent.com/sites/5OdC8fFdfIksjC0PHuA6WH/motion.BXVtp1rV.mjs:9:71933)
    at ta (https://framerusercontent.com/sites/5OdC8fFdfIksjC0PHuA6WH/framer.M2tMxbwv.mjs:49:23546)
    at div
    at s (https://framerusercontent.com/sites/5OdC8fFdfIksjC0PHuA6WH/motion.BXVtp1rV.mjs:9:5743)
    at https://framerusercontent.com/sites/5OdC8fFdfIksjC0PHuA6WH/framer.M2tMxbwv.mjs:1031:1471
    at https://framerusercontent.com/sites/5OdC8fFdfIksjC0PHuA6WH/framer.M2tMxbwv.mjs:1024:32245
    at https://framerusercontent.com/sites/5OdC8fFdfIksjC0PHuA6WH/framer.M2tMxbwv.mjs:1024:32058
    at div
    at https://framerusercontent.com/sites/5OdC8fFdfIksjC0PHuA6WH/framer.M2tMxbwv.mjs:1024:26752
    at https://framerusercontent.com/sites/5OdC8fFdfIksjC0PHuA6WH/framer.M2tMxbwv.mjs:112:34587
    at form
    at s (https://framerusercontent.com/sites/5OdC8fFdfIksjC0PHuA6WH/motion.BXVtp1rV.mjs:9:5743)
    at https://framerusercontent.com/sites/5OdC8fFdfIksjC0PHuA6WH/framer.M2tMxbwv.mjs:1031:10249
    at https://framerusercontent.com/sites/5OdC8fFdfIksjC0PHuA6WH/framer.M2tMxbwv.mjs:1024:30391
    at div
    at section
    at main
    at s (https://framerusercontent.com/sites/5OdC8fFdfIksjC0PHuA6WH/motion.BXVtp1rV.mjs:9:5743)
    at div
    at s (https://framerusercontent.com/sites/5OdC8fFdfIksjC0PHuA6WH/motion.BXVtp1rV.mjs:9:5743)
    at sf (https://framerusercontent.com/sites/5OdC8fFdfIksjC0PHuA6WH/motion.BXVtp1rV.mjs:9:71933)
    at https://framerusercontent.com/sites/5OdC8fFdfIksjC0PHuA6WH/okzVTgZ7bxJ4JhgBkI-_zK48WD1muIamuBQTQ-Qc2U4.v2rokLL-.mjs:1:64851
    at https://framerusercontent.com/sites/5OdC8fFdfIksjC0PHuA6WH/framer.M2tMxbwv.mjs:112:34587
    at https://framerusercontent.com/sites/5OdC8fFdfIksjC0PHuA6WH/framer.M2tMxbwv.mjs:3:757
    at div
    at s (https://framerusercontent.com/sites/5OdC8fFdfIksjC0PHuA6WH/motion.BXVtp1rV.mjs:9:5743)
    at sf (https://framerusercontent.com/sites/5OdC8fFdfIksjC0PHuA6WH/motion.BXVtp1rV.mjs:9:71933)
    at https://framerusercontent.com/sites/5OdC8fFdfIksjC0PHuA6WH/script_main.CH5-YVqc.mjs:1:60644
    at https://framerusercontent.com/sites/5OdC8fFdfIksjC0PHuA6WH/framer.M2tMxbwv.mjs:112:34587
    at ir (https://framerusercontent.com/sites/5OdC8fFdfIksjC0PHuA6WH/script_main.CH5-YVqc.mjs:1:65259)
    at fd (https://framerusercontent.com/sites/5OdC8fFdfIksjC0PHuA6WH/framer.M2tMxbwv.mjs:51:6134)
    at B_ (https://framerusercontent.com/sites/5OdC8fFdfIksjC0PHuA6WH/framer.M2tMxbwv.mjs:112:6184)
    at Suspense
    at dl (https://framerusercontent.com/sites/5OdC8fFdfIksjC0PHuA6WH/framer.M2tMxbwv.mjs:49:69946)
    at DS (https://framerusercontent.com/sites/5OdC8fFdfIksjC0PHuA6WH/framer.M2tMxbwv.mjs:1024:32345)
    at Vu (https://framerusercontent.com/sites/5OdC8fFdfIksjC0PHuA6WH/framer.M2tMxbwv.mjs:49:88516)
    at kr (https://framerusercontent.com/sites/5OdC8fFdfIksjC0PHuA6WH/framer.M2tMxbwv.mjs:49:7161)
    at https://framerusercontent.com/sites/5OdC8fFdfIksjC0PHuA6WH/framer.M2tMxbwv.mjs:1031:2511
    at https://framerusercontent.com/sites/5OdC8fFdfIksjC0PHuA6WH/framer.M2tMxbwv.mjs:112:34587
    at Dt (https://framerusercontent.com/sites/5OdC8fFdfIksjC0PHuA6WH/framer.M2tMxbwv.mjs:3:2957)
    at dd (https://framerusercontent.com/sites/5OdC8fFdfIksjC0PHuA6WH/framer.M2tMxbwv.mjs:51:2003)
    at Wu (https://framerusercontent.com/sites/5OdC8fFdfIksjC0PHuA6WH/framer.M2tMxbwv.mjs:49:89372)
    at mw (https://framerusercontent.com/sites/5OdC8fFdfIksjC0PHuA6WH/framer.M2tMxbwv.mjs:1031:16900)
    at _n (https://framerusercontent.com/sites/5OdC8fFdfIksjC0PHuA6WH/framer.M2tMxbwv.mjs:7:9152)
    at oa (https://framerusercontent.com/sites/5OdC8fFdfIksjC0PHuA6WH/motion.BXVtp1rV.mjs:9:1424)
    at yr (https://framerusercontent.com/sites/5OdC8fFdfIksjC0PHuA6WH/framer.M2tMxbwv.mjs:49:6495)
    at Sd (https://framerusercontent.com/sites/5OdC8fFdfIksjC0PHuA6WH/framer.M2tMxbwv.mjs:51:7399)
    at iC (https://framerusercontent.com/sites/5OdC8fFdfIksjC0PHuA6WH/framer.M2tMxbwv.mjs:1031:6148)
    at zn (https://framerusercontent.com/sites/5OdC8fFdfIksjC0PHuA6WH/framer.M2tMxbwv.mjs:7:14043) @ https://framerusercontent.com/sites/5OdC8fFdfIksjC0PHuA6WH/script_main.CH5-YVqc.mjs:0
[     458ms] [WARNING] Caught a recoverable error. The site is still functional, but might have some UI flickering or degraded page load performance. If you are the author of this website, update external components and check recently added custom code or code overrides to fix the following server/client mismatches:
 Error: Minified React error #422; visit https://reactjs.org/docs/error-decoder.html?invariant=422 for the full message or use the non-minified dev environment for full errors and additional helpful warnings.
    at ns (https://framerusercontent.com/sites/5OdC8fFdfIksjC0PHuA6WH/react.ZuBMAs26.mjs:8:8255)
    at $o (https://framerusercontent.com/sites/5OdC8fFdfIksjC0PHuA6WH/react.ZuBMAs26.mjs:8:7196)
    at cp (https://framerusercontent.com/sites/5OdC8fFdfIksjC0PHuA6WH/react.ZuBMAs26.mjs:8:68482)
    at $s (https://framerusercontent.com/sites/5OdC8fFdfIksjC0PHuA6WH/react.ZuBMAs26.mjs:8:37073)
    at Qs (https://framerusercontent.com/sites/5OdC8fFdfIksjC0PHuA6WH/react.ZuBMAs26.mjs:8:37046)
    at Ls (https://framerusercontent.com/sites/5OdC8fFdfIksjC0PHuA6WH/react.ZuBMAs26.mjs:8:32130)
    at wt (https://framerusercontent.com/sites/5OdC8fFdfIksjC0PHuA6WH/react.ZuBMAs26.mjs:1:10651)
    at MessagePort.Et (https://framerusercontent.com/sites/5OdC8fFdfIksjC0PHuA6WH/react.ZuBMAs26.mjs:1:11006) null @ https://framerusercontent.com/sites/5OdC8fFdfIksjC0PHuA6WH/script_main.CH5-YVqc.mjs:0
[     470ms] [WARNING] Caught a recoverable error. The site is still functional, but might have some UI flickering or degraded page load performance. If you are the author of this website, update external components and check recently added custom code or code overrides to fix the following server/client mismatches:
 Error: Minified React error #425; visit https://reactjs.org/docs/error-decoder.html?invariant=425 for the full message or use the non-minified dev environment for full errors and additional helpful warnings.
    at Ii (https://framerusercontent.com/sites/5OdC8fFdfIksjC0PHuA6WH/react.ZuBMAs26.mjs:6:68)
    at us (https://framerusercontent.com/sites/5OdC8fFdfIksjC0PHuA6WH/react.ZuBMAs26.mjs:8:14036)
    at ec (https://framerusercontent.com/sites/5OdC8fFdfIksjC0PHuA6WH/react.ZuBMAs26.mjs:8:37372)
    at $s (https://framerusercontent.com/sites/5OdC8fFdfIksjC0PHuA6WH/react.ZuBMAs26.mjs:8:37134)
    at Qs (https://framerusercontent.com/sites/5OdC8fFdfIksjC0PHuA6WH/react.ZuBMAs26.mjs:8:37046)
    at Ls (https://framerusercontent.com/sites/5OdC8fFdfIksjC0PHuA6WH/react.ZuBMAs26.mjs:8:32130)
    at wt (https://framerusercontent.com/sites/5OdC8fFdfIksjC0PHuA6WH/react.ZuBMAs26.mjs:1:10651)
    at MessagePort.Et (https://framerusercontent.com/sites/5OdC8fFdfIksjC0PHuA6WH/react.ZuBMAs26.mjs:1:11006) 
    at style
    at div
    at f (https://framerusercontent.com/sites/5OdC8fFdfIksjC0PHuA6WH/RollingTextHover_Prod.FWLbm19V.mjs:1:251)
    at MS (https://framerusercontent.com/sites/5OdC8fFdfIksjC0PHuA6WH/framer.M2tMxbwv.mjs:1031:716)
    at Suspense
    at dl (https://framerusercontent.com/sites/5OdC8fFdfIksjC0PHuA6WH/framer.M2tMxbwv.mjs:49:69946)
    at _l (https://framerusercontent.com/sites/5OdC8fFdfIksjC0PHuA6WH/framer.M2tMxbwv.mjs:49:70610)
    at gl (https://framerusercontent.com/sites/5OdC8fFdfIksjC0PHuA6WH/framer.M2tMxbwv.mjs:49:70472)
    at bl (https://framerusercontent.com/sites/5OdC8fFdfIksjC0PHuA6WH/framer.M2tMxbwv.mjs:49:70881)
    at div
    at s (https://framerusercontent.com/sites/5OdC8fFdfIksjC0PHuA6WH/motion.BXVtp1rV.mjs:9:5743)
    at https://framerusercontent.com/sites/5OdC8fFdfIksjC0PHuA6WH/framer.M2tMxbwv.mjs:1031:1952
    at https://framerusercontent.com/sites/5OdC8fFdfIksjC0PHuA6WH/framer.M2tMxbwv.mjs:1024:32058
    at a
    at s (https://framerusercontent.com/sites/5OdC8fFdfIksjC0PHuA6WH/motion.BXVtp1rV.mjs:9:5743)
    at https://framerusercontent.com/sites/5OdC8fFdfIksjC0PHuA6WH/framer.M2tMxbwv.mjs:1031:7228
    at Suspense
    at dl (https://framerusercontent.com/sites/5OdC8fFdfIksjC0PHuA6WH/framer.M2tMxbwv.mjs:49:69946)
    at $l (https://framerusercontent.com/sites/5OdC8fFdfIksjC0PHuA6WH/framer.M2tMxbwv.mjs:49:76744)
    at xt (https://framerusercontent.com/sites/5OdC8fFdfIksjC0PHuA6WH/script_main.CH5-YVqc.mjs:1:18344)
    at s (https://framerusercontent.com/sites/5OdC8fFdfIksjC0PHuA6WH/motion.BXVtp1rV.mjs:9:5743)
    at sf (https://framerusercontent.com/sites/5OdC8fFdfIksjC0PHuA6WH/motion.BXVtp1rV.mjs:9:71933)
    at https://framerusercontent.com/sites/5OdC8fFdfIksjC0PHuA6WH/script_main.CH5-YVqc.mjs:1:18784
    at https://framerusercontent.com/sites/5OdC8fFdfIksjC0PHuA6WH/framer.M2tMxbwv.mjs:112:34587
    at div
    at s (https://framerusercontent.com/sites/5OdC8fFdfIksjC0PHuA6WH/motion.BXVtp1rV.mjs:9:5743)
    at https://framerusercontent.com/sites/5OdC8fFdfIksjC0PHuA6WH/framer.M2tMxbwv.mjs:1031:1952
    at https://framerusercontent.com/sites/5OdC8fFdfIksjC0PHuA6WH/framer.M2tMxbwv.mjs:1024:30391
    at https://framerusercontent.com/sites/5OdC8fFdfIksjC0PHuA6WH/framer.M2tMxbwv.mjs:1024:32058
    at https://framerusercontent.com/sites/5OdC8fFdfIksjC0PHuA6WH/framer.M2tMxbwv.mjs:1031:17131
    at Suspense
    at dl (https://framerusercontent.com/sites/5OdC8fFdfIksjC0PHuA6WH/framer.M2tMxbwv.mjs:49:69946)
    at $l (https://framerusercontent.com/sites/5OdC8fFdfIksjC0PHuA6WH/framer.M2tMxbwv.mjs:49:76744)
    at div
    at s (https://framerusercontent.com/sites/5OdC8fFdfIksjC0PHuA6WH/motion.BXVtp1rV.mjs:9:5743)
    at div
    at s (https://framerusercontent.com/sites/5OdC8fFdfIksjC0PHuA6WH/motion.BXVtp1rV.mjs:9:5743)
    at div
    at s (https://framerusercontent.com/sites/5OdC8fFdfIksjC0PHuA6WH/motion.BXVtp1rV.mjs:9:5743)
    at div
    at s (https://framerusercontent.com/sites/5OdC8fFdfIksjC0PHuA6WH/motion.BXVtp1rV.mjs:9:5743)
    at footer
    at s (https://framerusercontent.com/sites/5OdC8fFdfIksjC0PHuA6WH/motion.BXVtp1rV.mjs:9:5743)
    at Vt (https://framerusercontent.com/sites/5OdC8fFdfIksjC0PHuA6WH/script_main.CH5-YVqc.mjs:1:23052)
    at s (https://framerusercontent.com/sites/5OdC8fFdfIksjC0PHuA6WH/motion.BXVtp1rV.mjs:9:5743)
    at sf (https://framerusercontent.com/sites/5OdC8fFdfIksjC0PHuA6WH/motion.BXVtp1rV.mjs:9:71933)
    at https://framerusercontent.com/sites/5OdC8fFdfIksjC0PHuA6WH/script_main.CH5-YVqc.mjs:1:23457
    at https://framerusercontent.com/sites/5OdC8fFdfIksjC0PHuA6WH/framer.M2tMxbwv.mjs:112:34587
    at div
    at https://framerusercontent.com/sites/5OdC8fFdfIksjC0PHuA6WH/framer.M2tMxbwv.mjs:1024:26752
    at https://framerusercontent.com/sites/5OdC8fFdfIksjC0PHuA6WH/framer.M2tMxbwv.mjs:112:34587
    at sf (https://framerusercontent.com/sites/5OdC8fFdfIksjC0PHuA6WH/motion.BXVtp1rV.mjs:9:71933)
    at ta (https://framerusercontent.com/sites/5OdC8fFdfIksjC0PHuA6WH/framer.M2tMxbwv.mjs:49:23546)
    at div
    at s (https://framerusercontent.com/sites/5OdC8fFdfIksjC0PHuA6WH/motion.BXVtp1rV.mjs:9:5743)
    at https://framerusercontent.com/sites/5OdC8fFdfIksjC0PHuA6WH/framer.M2tMxbwv.mjs:1031:1471
    at https://framerusercontent.com/sites/5OdC8fFdfIksjC0PHuA6WH/framer.M2tMxbwv.mjs:1024:32245
    at https://framerusercontent.com/sites/5OdC8fFdfIksjC0PHuA6WH/framer.M2tMxbwv.mjs:1024:32058
    at div
    at s (https://framerusercontent.com/sites/5OdC8fFdfIksjC0PHuA6WH/motion.BXVtp1rV.mjs:9:5743)
    at sf (https://framerusercontent.com/sites/5OdC8fFdfIksjC0PHuA6WH/motion.BXVtp1rV.mjs:9:71933)
    at https://framerusercontent.com/sites/5OdC8fFdfIksjC0PHuA6WH/script_main.CH5-YVqc.mjs:1:60644
    at https://framerusercontent.com/sites/5OdC8fFdfIksjC0PHuA6WH/framer.M2tMxbwv.mjs:112:34587
    at ir (https://framerusercontent.com/sites/5OdC8fFdfIksjC0PHuA6WH/script_main.CH5-YVqc.mjs:1:65259)
    at fd (https://framerusercontent.com/sites/5OdC8fFdfIksjC0PHuA6WH/framer.M2tMxbwv.mjs:51:6134)
    at B_ (https://framerusercontent.com/sites/5OdC8fFdfIksjC0PHuA6WH/framer.M2tMxbwv.mjs:112:6184)
    at Suspense
    at dl (https://framerusercontent.com/sites/5OdC8fFdfIksjC0PHuA6WH/framer.M2tMxbwv.mjs:49:69946)
    at DS (https://framerusercontent.com/sites/5OdC8fFdfIksjC0PHuA6WH/framer.M2tMxbwv.mjs:1024:32345)
    at Vu (https://framerusercontent.com/sites/5OdC8fFdfIksjC0PHuA6WH/framer.M2tMxbwv.mjs:49:88516)
    at kr (https://framerusercontent.com/sites/5OdC8fFdfIksjC0PHuA6WH/framer.M2tMxbwv.mjs:49:7161)
    at https://framerusercontent.com/sites/5OdC8fFdfIksjC0PHuA6WH/framer.M2tMxbwv.mjs:1031:2511
    at https://framerusercontent.com/sites/5OdC8fFdfIksjC0PHuA6WH/framer.M2tMxbwv.mjs:112:34587
    at Dt (https://framerusercontent.com/sites/5OdC8fFdfIksjC0PHuA6WH/framer.M2tMxbwv.mjs:3:2957)
    at dd (https://framerusercontent.com/sites/5OdC8fFdfIksjC0PHuA6WH/framer.M2tMxbwv.mjs:51:2003)
    at Wu (https://framerusercontent.com/sites/5OdC8fFdfIksjC0PHuA6WH/framer.M2tMxbwv.mjs:49:89372)
    at mw (https://framerusercontent.com/sites/5OdC8fFdfIksjC0PHuA6WH/framer.M2tMxbwv.mjs:1031:16900)
    at _n (https://framerusercontent.com/sites/5OdC8fFdfIksjC0PHuA6WH/framer.M2tMxbwv.mjs:7:9152)
    at oa (https://framerusercontent.com/sites/5OdC8fFdfIksjC0PHuA6WH/motion.BXVtp1rV.mjs:9:1424)
    at yr (https://framerusercontent.com/sites/5OdC8fFdfIksjC0PHuA6WH/framer.M2tMxbwv.mjs:49:6495)
    at Sd (https://framerusercontent.com/sites/5OdC8fFdfIksjC0PHuA6WH/framer.M2tMxbwv.mjs:51:7399)
    at iC (https://framerusercontent.com/sites/5OdC8fFdfIksjC0PHuA6WH/framer.M2tMxbwv.mjs:1031:6148)
    at zn (https://framerusercontent.com/sites/5OdC8fFdfIksjC0PHuA6WH/framer.M2tMxbwv.mjs:7:14043) @ https://framerusercontent.com/sites/5OdC8fFdfIksjC0PHuA6WH/script_main.CH5-YVqc.mjs:0
[     470ms] [WARNING] Caught a recoverable error. The site is still functional, but might have some UI flickering or degraded page load performance. If you are the author of this website, update external components and check recently added custom code or code overrides to fix the following server/client mismatches:
 Error: Minified React error #422; visit https://reactjs.org/docs/error-decoder.html?invariant=422 for the full message or use the non-minified dev environment for full errors and additional helpful warnings.
    at ns (https://framerusercontent.com/sites/5OdC8fFdfIksjC0PHuA6WH/react.ZuBMAs26.mjs:8:8255)
    at $o (https://framerusercontent.com/sites/5OdC8fFdfIksjC0PHuA6WH/react.ZuBMAs26.mjs:8:7196)
    at cp (https://framerusercontent.com/sites/5OdC8fFdfIksjC0PHuA6WH/react.ZuBMAs26.mjs:8:68482)
    at $s (https://framerusercontent.com/sites/5OdC8fFdfIksjC0PHuA6WH/react.ZuBMAs26.mjs:8:37073)
    at Qs (https://framerusercontent.com/sites/5OdC8fFdfIksjC0PHuA6WH/react.ZuBMAs26.mjs:8:37046)
    at Ls (https://framerusercontent.com/sites/5OdC8fFdfIksjC0PHuA6WH/react.ZuBMAs26.mjs:8:32130)
    at wt (https://framerusercontent.com/sites/5OdC8fFdfIksjC0PHuA6WH/react.ZuBMAs26.mjs:1:10651)
    at MessagePort.Et (https://framerusercontent.com/sites/5OdC8fFdfIksjC0PHuA6WH/react.ZuBMAs26.mjs:1:11006) null @ https://framerusercontent.com/sites/5OdC8fFdfIksjC0PHuA6WH/script_main.CH5-YVqc.mjs:0
[     470ms] [WARNING] Caught a recoverable error. The site is still functional, but might have some UI flickering or degraded page load performance. If you are the author of this website, update external components and check recently added custom code or code overrides to fix the following server/client mismatches:
 Error: Minified React error #425; visit https://reactjs.org/docs/error-decoder.html?invariant=425 for the full message or use the non-minified dev environment for full errors and additional helpful warnings.
    at Ii (https://framerusercontent.com/sites/5OdC8fFdfIksjC0PHuA6WH/react.ZuBMAs26.mjs:6:68)
    at us (https://framerusercontent.com/sites/5OdC8fFdfIksjC0PHuA6WH/react.ZuBMAs26.mjs:8:14036)
    at ec (https://framerusercontent.com/sites/5OdC8fFdfIksjC0PHuA6WH/react.ZuBMAs26.mjs:8:37372)
    at $s (https://framerusercontent.com/sites/5OdC8fFdfIksjC0PHuA6WH/react.ZuBMAs26.mjs:8:37134)
    at Qs (https://framerusercontent.com/sites/5OdC8fFdfIksjC0PHuA6WH/react.ZuBMAs26.mjs:8:37046)
    at Ls (https://framerusercontent.com/sites/5OdC8fFdfIksjC0PHuA6WH/react.ZuBMAs26.mjs:8:32130)
    at wt (https://framerusercontent.com/sites/5OdC8fFdfIksjC0PHuA6WH/react.ZuBMAs26.mjs:1:10651)
    at MessagePort.Et (https://framerusercontent.com/sites/5OdC8fFdfIksjC0PHuA6WH/react.ZuBMAs26.mjs:1:11006) 
    at style
    at div
    at f (https://framerusercontent.com/sites/5OdC8fFdfIksjC0PHuA6WH/RollingTextHover_Prod.FWLbm19V.mjs:1:251)
    at MS (https://framerusercontent.com/sites/5OdC8fFdfIksjC0PHuA6WH/framer.M2tMxbwv.mjs:1031:716)
    at Suspense
    at dl (https://framerusercontent.com/sites/5OdC8fFdfIksjC0PHuA6WH/framer.M2tMxbwv.mjs:49:69946)
    at _l (https://framerusercontent.com/sites/5OdC8fFdfIksjC0PHuA6WH/framer.M2tMxbwv.mjs:49:70610)
    at gl (https://framerusercontent.com/sites/5OdC8fFdfIksjC0PHuA6WH/framer.M2tMxbwv.mjs:49:70472)
    at bl (https://framerusercontent.com/sites/5OdC8fFdfIksjC0PHuA6WH/framer.M2tMxbwv.mjs:49:70881)
    at div
    at s (https://framerusercontent.com/sites/5OdC8fFdfIksjC0PHuA6WH/motion.BXVtp1rV.mjs:9:5743)
    at https://framerusercontent.com/sites/5OdC8fFdfIksjC0PHuA6WH/framer.M2tMxbwv.mjs:1031:1952
    at https://framerusercontent.com/sites/5OdC8fFdfIksjC0PHuA6WH/framer.M2tMxbwv.mjs:1024:32058
    at a
    at s (https://framerusercontent.com/sites/5OdC8fFdfIksjC0PHuA6WH/motion.BXVtp1rV.mjs:9:5743)
    at https://framerusercontent.com/sites/5OdC8fFdfIksjC0PHuA6WH/framer.M2tMxbwv.mjs:1031:7228
    at Suspense
    at dl (https://framerusercontent.com/sites/5OdC8fFdfIksjC0PHuA6WH/framer.M2tMxbwv.mjs:49:69946)
    at $l (https://framerusercontent.com/sites/5OdC8fFdfIksjC0PHuA6WH/framer.M2tMxbwv.mjs:49:76744)
    at xt (https://framerusercontent.com/sites/5OdC8fFdfIksjC0PHuA6WH/script_main.CH5-YVqc.mjs:1:18344)
    at s (https://framerusercontent.com/sites/5OdC8fFdfIksjC0PHuA6WH/motion.BXVtp1rV.mjs:9:5743)
    at sf (https://framerusercontent.com/sites/5OdC8fFdfIksjC0PHuA6WH/motion.BXVtp1rV.mjs:9:71933)
    at https://framerusercontent.com/sites/5OdC8fFdfIksjC0PHuA6WH/script_main.CH5-YVqc.mjs:1:18784
    at https://framerusercontent.com/sites/5OdC8fFdfIksjC0PHuA6WH/framer.M2tMxbwv.mjs:112:34587
    at div
    at s (https://framerusercontent.com/sites/5OdC8fFdfIksjC0PHuA6WH/motion.BXVtp1rV.mjs:9:5743)
    at https://framerusercontent.com/sites/5OdC8fFdfIksjC0PHuA6WH/framer.M2tMxbwv.mjs:1031:1952
    at https://framerusercontent.com/sites/5OdC8fFdfIksjC0PHuA6WH/framer.M2tMxbwv.mjs:1024:30391
    at https://framerusercontent.com/sites/5OdC8fFdfIksjC0PHuA6WH/framer.M2tMxbwv.mjs:1024:32058
    at https://framerusercontent.com/sites/5OdC8fFdfIksjC0PHuA6WH/framer.M2tMxbwv.mjs:1031:17131
    at Suspense
    at dl (https://framerusercontent.com/sites/5OdC8fFdfIksjC0PHuA6WH/framer.M2tMxbwv.mjs:49:69946)
    at $l (https://framerusercontent.com/sites/5OdC8fFdfIksjC0PHuA6WH/framer.M2tMxbwv.mjs:49:76744)
    at div
    at s (https://framerusercontent.com/sites/5OdC8fFdfIksjC0PHuA6WH/motion.BXVtp1rV.mjs:9:5743)
    at div
    at s (https://framerusercontent.com/sites/5OdC8fFdfIksjC0PHuA6WH/motion.BXVtp1rV.mjs:9:5743)
    at div
    at s (https://framerusercontent.com/sites/5OdC8fFdfIksjC0PHuA6WH/motion.BXVtp1rV.mjs:9:5743)
    at div
    at s (https://framerusercontent.com/sites/5OdC8fFdfIksjC0PHuA6WH/motion.BXVtp1rV.mjs:9:5743)
    at footer
    at s (https://framerusercontent.com/sites/5OdC8fFdfIksjC0PHuA6WH/motion.BXVtp1rV.mjs:9:5743)
    at Vt (https://framerusercontent.com/sites/5OdC8fFdfIksjC0PHuA6WH/script_main.CH5-YVqc.mjs:1:23052)
    at s (https://framerusercontent.com/sites/5OdC8fFdfIksjC0PHuA6WH/motion.BXVtp1rV.mjs:9:5743)
    at sf (https://framerusercontent.com/sites/5OdC8fFdfIksjC0PHuA6WH/motion.BXVtp1rV.mjs:9:71933)
    at https://framerusercontent.com/sites/5OdC8fFdfIksjC0PHuA6WH/script_main.CH5-YVqc.mjs:1:23457
    at https://framerusercontent.com/sites/5OdC8fFdfIksjC0PHuA6WH/framer.M2tMxbwv.mjs:112:34587
    at div
    at https://framerusercontent.com/sites/5OdC8fFdfIksjC0PHuA6WH/framer.M2tMxbwv.mjs:1024:26752
    at https://framerusercontent.com/sites/5OdC8fFdfIksjC0PHuA6WH/framer.M2tMxbwv.mjs:112:34587
    at sf (https://framerusercontent.com/sites/5OdC8fFdfIksjC0PHuA6WH/motion.BXVtp1rV.mjs:9:71933)
    at ta (https://framerusercontent.com/sites/5OdC8fFdfIksjC0PHuA6WH/framer.M2tMxbwv.mjs:49:23546)
    at div
    at s (https://framerusercontent.com/sites/5OdC8fFdfIksjC0PHuA6WH/motion.BXVtp1rV.mjs:9:5743)
    at https://framerusercontent.com/sites/5OdC8fFdfIksjC0PHuA6WH/framer.M2tMxbwv.mjs:1031:1471
    at https://framerusercontent.com/sites/5OdC8fFdfIksjC0PHuA6WH/framer.M2tMxbwv.mjs:1024:32245
    at https://framerusercontent.com/sites/5OdC8fFdfIksjC0PHuA6WH/framer.M2tMxbwv.mjs:1024:32058
    at div
    at s (https://framerusercontent.com/sites/5OdC8fFdfIksjC0PHuA6WH/motion.BXVtp1rV.mjs:9:5743)
    at sf (https://framerusercontent.com/sites/5OdC8fFdfIksjC0PHuA6WH/motion.BXVtp1rV.mjs:9:71933)
    at https://framerusercontent.com/sites/5OdC8fFdfIksjC0PHuA6WH/script_main.CH5-YVqc.mjs:1:60644
    at https://framerusercontent.com/sites/5OdC8fFdfIksjC0PHuA6WH/framer.M2tMxbwv.mjs:112:34587
    at ir (https://framerusercontent.com/sites/5OdC8fFdfIksjC0PHuA6WH/script_main.CH5-YVqc.mjs:1:65259)
    at fd (https://framerusercontent.com/sites/5OdC8fFdfIksjC0PHuA6WH/framer.M2tMxbwv.mjs:51:6134)
    at B_ (https://framerusercontent.com/sites/5OdC8fFdfIksjC0PHuA6WH/framer.M2tMxbwv.mjs:112:6184)
    at Suspense
    at dl (https://framerusercontent.com/sites/5OdC8fFdfIksjC0PHuA6WH/framer.M2tMxbwv.mjs:49:69946)
    at DS (https://framerusercontent.com/sites/5OdC8fFdfIksjC0PHuA6WH/framer.M2tMxbwv.mjs:1024:32345)
    at Vu (https://framerusercontent.com/sites/5OdC8fFdfIksjC0PHuA6WH/framer.M2tMxbwv.mjs:49:88516)
    at kr (https://framerusercontent.com/sites/5OdC8fFdfIksjC0PHuA6WH/framer.M2tMxbwv.mjs:49:7161)
    at https://framerusercontent.com/sites/5OdC8fFdfIksjC0PHuA6WH/framer.M2tMxbwv.mjs:1031:2511
    at https://framerusercontent.com/sites/5OdC8fFdfIksjC0PHuA6WH/framer.M2tMxbwv.mjs:112:34587
    at Dt (https://framerusercontent.com/sites/5OdC8fFdfIksjC0PHuA6WH/framer.M2tMxbwv.mjs:3:2957)
    at dd (https://framerusercontent.com/sites/5OdC8fFdfIksjC0PHuA6WH/framer.M2tMxbwv.mjs:51:2003)
    at Wu (https://framerusercontent.com/sites/5OdC8fFdfIksjC0PHuA6WH/framer.M2tMxbwv.mjs:49:89372)
    at mw (https://framerusercontent.com/sites/5OdC8fFdfIksjC0PHuA6WH/framer.M2tMxbwv.mjs:1031:16900)
    at _n (https://framerusercontent.com/sites/5OdC8fFdfIksjC0PHuA6WH/framer.M2tMxbwv.mjs:7:9152)
    at oa (https://framerusercontent.com/sites/5OdC8fFdfIksjC0PHuA6WH/motion.BXVtp1rV.mjs:9:1424)
    at yr (https://framerusercontent.com/sites/5OdC8fFdfIksjC0PHuA6WH/framer.M2tMxbwv.mjs:49:6495)
    at Sd (https://framerusercontent.com/sites/5OdC8fFdfIksjC0PHuA6WH/framer.M2tMxbwv.mjs:51:7399)
    at iC (https://framerusercontent.com/sites/5OdC8fFdfIksjC0PHuA6WH/framer.M2tMxbwv.mjs:1031:6148)
    at zn (https://framerusercontent.com/sites/5OdC8fFdfIksjC0PHuA6WH/framer.M2tMxbwv.mjs:7:14043) @ https://framerusercontent.com/sites/5OdC8fFdfIksjC0PHuA6WH/script_main.CH5-YVqc.mjs:0
[     470ms] [WARNING] Caught a recoverable error. The site is still functional, but might have some UI flickering or degraded page load performance. If you are the author of this website, update external components and check recently added custom code or code overrides to fix the following server/client mismatches:
 Error: Minified React error #422; visit https://reactjs.org/docs/error-decoder.html?invariant=422 for the full message or use the non-minified dev environment for full errors and additional helpful warnings.
    at ns (https://framerusercontent.com/sites/5OdC8fFdfIksjC0PHuA6WH/react.ZuBMAs26.mjs:8:8255)
    at $o (https://framerusercontent.com/sites/5OdC8fFdfIksjC0PHuA6WH/react.ZuBMAs26.mjs:8:7196)
    at cp (https://framerusercontent.com/sites/5OdC8fFdfIksjC0PHuA6WH/react.ZuBMAs26.mjs:8:68482)
    at $s (https://framerusercontent.com/sites/5OdC8fFdfIksjC0PHuA6WH/react.ZuBMAs26.mjs:8:37073)
    at Qs (https://framerusercontent.com/sites/5OdC8fFdfIksjC0PHuA6WH/react.ZuBMAs26.mjs:8:37046)
    at Ls (https://framerusercontent.com/sites/5OdC8fFdfIksjC0PHuA6WH/react.ZuBMAs26.mjs:8:32130)
    at wt (https://framerusercontent.com/sites/5OdC8fFdfIksjC0PHuA6WH/react.ZuBMAs26.mjs:1:10651)
    at MessagePort.Et (https://framerusercontent.com/sites/5OdC8fFdfIksjC0PHuA6WH/react.ZuBMAs26.mjs:1:11006) null @ https://framerusercontent.com/sites/5OdC8fFdfIksjC0PHuA6WH/script_main.CH5-YVqc.mjs:0
[     470ms] [WARNING] Caught a recoverable error. The site is still functional, but might have some UI flickering or degraded page load performance. If you are the author of this website, update external components and check recently added custom code or code overrides to fix the following server/client mismatches:
 Error: Minified React error #425; visit https://reactjs.org/docs/error-decoder.html?invariant=425 for the full message or use the non-minified dev environment for full errors and additional helpful warnings.
    at Ii (https://framerusercontent.com/sites/5OdC8fFdfIksjC0PHuA6WH/react.ZuBMAs26.mjs:6:68)
    at us (https://framerusercontent.com/sites/5OdC8fFdfIksjC0PHuA6WH/react.ZuBMAs26.mjs:8:14036)
    at ec (https://framerusercontent.com/sites/5OdC8fFdfIksjC0PHuA6WH/react.ZuBMAs26.mjs:8:37372)
    at $s (https://framerusercontent.com/sites/5OdC8fFdfIksjC0PHuA6WH/react.ZuBMAs26.mjs:8:37134)
    at Qs (https://framerusercontent.com/sites/5OdC8fFdfIksjC0PHuA6WH/react.ZuBMAs26.mjs:8:37046)
    at Ls (https://framerusercontent.com/sites/5OdC8fFdfIksjC0PHuA6WH/react.ZuBMAs26.mjs:8:32130)
    at wt (https://framerusercontent.com/sites/5OdC8fFdfIksjC0PHuA6WH/react.ZuBMAs26.mjs:1:10651)
    at MessagePort.Et (https://framerusercontent.com/sites/5OdC8fFdfIksjC0PHuA6WH/react.ZuBMAs26.mjs:1:11006) 
    at style
    at div
    at f (https://framerusercontent.com/sites/5OdC8fFdfIksjC0PHuA6WH/RollingTextHover_Prod.FWLbm19V.mjs:1:251)
    at MS (https://framerusercontent.com/sites/5OdC8fFdfIksjC0PHuA6WH/framer.M2tMxbwv.mjs:1031:716)
    at Suspense
    at dl (https://framerusercontent.com/sites/5OdC8fFdfIksjC0PHuA6WH/framer.M2tMxbwv.mjs:49:69946)
    at _l (https://framerusercontent.com/sites/5OdC8fFdfIksjC0PHuA6WH/framer.M2tMxbwv.mjs:49:70610)
    at gl (https://framerusercontent.com/sites/5OdC8fFdfIksjC0PHuA6WH/framer.M2tMxbwv.mjs:49:70472)
    at bl (https://framerusercontent.com/sites/5OdC8fFdfIksjC0PHuA6WH/framer.M2tMxbwv.mjs:49:70881)
    at div
    at s (https://framerusercontent.com/sites/5OdC8fFdfIksjC0PHuA6WH/motion.BXVtp1rV.mjs:9:5743)
    at https://framerusercontent.com/sites/5OdC8fFdfIksjC0PHuA6WH/framer.M2tMxbwv.mjs:1031:1952
    at https://framerusercontent.com/sites/5OdC8fFdfIksjC0PHuA6WH/framer.M2tMxbwv.mjs:1024:32058
    at a
    at s (https://framerusercontent.com/sites/5OdC8fFdfIksjC0PHuA6WH/motion.BXVtp1rV.mjs:9:5743)
    at https://framerusercontent.com/sites/5OdC8fFdfIksjC0PHuA6WH/framer.M2tMxbwv.mjs:1031:7228
    at Suspense
    at dl (https://framerusercontent.com/sites/5OdC8fFdfIksjC0PHuA6WH/framer.M2tMxbwv.mjs:49:69946)
    at $l (https://framerusercontent.com/sites/5OdC8fFdfIksjC0PHuA6WH/framer.M2tMxbwv.mjs:49:76744)
    at xt (https://framerusercontent.com/sites/5OdC8fFdfIksjC0PHuA6WH/script_main.CH5-YVqc.mjs:1:18344)
    at s (https://framerusercontent.com/sites/5OdC8fFdfIksjC0PHuA6WH/motion.BXVtp1rV.mjs:9:5743)
    at sf (https://framerusercontent.com/sites/5OdC8fFdfIksjC0PHuA6WH/motion.BXVtp1rV.mjs:9:71933)
    at https://framerusercontent.com/sites/5OdC8fFdfIksjC0PHuA6WH/script_main.CH5-YVqc.mjs:1:18784
    at https://framerusercontent.com/sites/5OdC8fFdfIksjC0PHuA6WH/framer.M2tMxbwv.mjs:112:34587
    at div
    at s (https://framerusercontent.com/sites/5OdC8fFdfIksjC0PHuA6WH/motion.BXVtp1rV.mjs:9:5743)
    at https://framerusercontent.com/sites/5OdC8fFdfIksjC0PHuA6WH/framer.M2tMxbwv.mjs:1031:1952
    at https://framerusercontent.com/sites/5OdC8fFdfIksjC0PHuA6WH/framer.M2tMxbwv.mjs:1024:30391
    at https://framerusercontent.com/sites/5OdC8fFdfIksjC0PHuA6WH/framer.M2tMxbwv.mjs:1024:32058
    at https://framerusercontent.com/sites/5OdC8fFdfIksjC0PHuA6WH/framer.M2tMxbwv.mjs:1031:17131
    at Suspense
    at dl (https://framerusercontent.com/sites/5OdC8fFdfIksjC0PHuA6WH/framer.M2tMxbwv.mjs:49:69946)
    at $l (https://framerusercontent.com/sites/5OdC8fFdfIksjC0PHuA6WH/framer.M2tMxbwv.mjs:49:76744)
    at div
    at s (https://framerusercontent.com/sites/5OdC8fFdfIksjC0PHuA6WH/motion.BXVtp1rV.mjs:9:5743)
    at div
    at s (https://framerusercontent.com/sites/5OdC8fFdfIksjC0PHuA6WH/motion.BXVtp1rV.mjs:9:5743)
    at div
    at s (https://framerusercontent.com/sites/5OdC8fFdfIksjC0PHuA6WH/motion.BXVtp1rV.mjs:9:5743)
    at div
    at s (https://framerusercontent.com/sites/5OdC8fFdfIksjC0PHuA6WH/motion.BXVtp1rV.mjs:9:5743)
    at footer
    at s (https://framerusercontent.com/sites/5OdC8fFdfIksjC0PHuA6WH/motion.BXVtp1rV.mjs:9:5743)
    at Vt (https://framerusercontent.com/sites/5OdC8fFdfIksjC0PHuA6WH/script_main.CH5-YVqc.mjs:1:23052)
    at s (https://framerusercontent.com/sites/5OdC8fFdfIksjC0PHuA6WH/motion.BXVtp1rV.mjs:9:5743)
    at sf (https://framerusercontent.com/sites/5OdC8fFdfIksjC0PHuA6WH/motion.BXVtp1rV.mjs:9:71933)
    at https://framerusercontent.com/sites/5OdC8fFdfIksjC0PHuA6WH/script_main.CH5-YVqc.mjs:1:23457
    at https://framerusercontent.com/sites/5OdC8fFdfIksjC0PHuA6WH/framer.M2tMxbwv.mjs:112:34587
    at div
    at https://framerusercontent.com/sites/5OdC8fFdfIksjC0PHuA6WH/framer.M2tMxbwv.mjs:1024:26752
    at https://framerusercontent.com/sites/5OdC8fFdfIksjC0PHuA6WH/framer.M2tMxbwv.mjs:112:34587
    at sf (https://framerusercontent.com/sites/5OdC8fFdfIksjC0PHuA6WH/motion.BXVtp1rV.mjs:9:71933)
    at ta (https://framerusercontent.com/sites/5OdC8fFdfIksjC0PHuA6WH/framer.M2tMxbwv.mjs:49:23546)
    at div
    at s (https://framerusercontent.com/sites/5OdC8fFdfIksjC0PHuA6WH/motion.BXVtp1rV.mjs:9:5743)
    at https://framerusercontent.com/sites/5OdC8fFdfIksjC0PHuA6WH/framer.M2tMxbwv.mjs:1031:1471
    at https://framerusercontent.com/sites/5OdC8fFdfIksjC0PHuA6WH/framer.M2tMxbwv.mjs:1024:32245
    at https://framerusercontent.com/sites/5OdC8fFdfIksjC0PHuA6WH/framer.M2tMxbwv.mjs:1024:32058
    at div
    at s (https://framerusercontent.com/sites/5OdC8fFdfIksjC0PHuA6WH/motion.BXVtp1rV.mjs:9:5743)
    at sf (https://framerusercontent.com/sites/5OdC8fFdfIksjC0PHuA6WH/motion.BXVtp1rV.mjs:9:71933)
    at https://framerusercontent.com/sites/5OdC8fFdfIksjC0PHuA6WH/script_main.CH5-YVqc.mjs:1:60644
    at https://framerusercontent.com/sites/5OdC8fFdfIksjC0PHuA6WH/framer.M2tMxbwv.mjs:112:34587
    at ir (https://framerusercontent.com/sites/5OdC8fFdfIksjC0PHuA6WH/script_main.CH5-YVqc.mjs:1:65259)
    at fd (https://framerusercontent.com/sites/5OdC8fFdfIksjC0PHuA6WH/framer.M2tMxbwv.mjs:51:6134)
    at B_ (https://framerusercontent.com/sites/5OdC8fFdfIksjC0PHuA6WH/framer.M2tMxbwv.mjs:112:6184)
    at Suspense
    at dl (https://framerusercontent.com/sites/5OdC8fFdfIksjC0PHuA6WH/framer.M2tMxbwv.mjs:49:69946)
    at DS (https://framerusercontent.com/sites/5OdC8fFdfIksjC0PHuA6WH/framer.M2tMxbwv.mjs:1024:32345)
    at Vu (https://framerusercontent.com/sites/5OdC8fFdfIksjC0PHuA6WH/framer.M2tMxbwv.mjs:49:88516)
    at kr (https://framerusercontent.com/sites/5OdC8fFdfIksjC0PHuA6WH/framer.M2tMxbwv.mjs:49:7161)
    at https://framerusercontent.com/sites/5OdC8fFdfIksjC0PHuA6WH/framer.M2tMxbwv.mjs:1031:2511
    at https://framerusercontent.com/sites/5OdC8fFdfIksjC0PHuA6WH/framer.M2tMxbwv.mjs:112:34587
    at Dt (https://framerusercontent.com/sites/5OdC8fFdfIksjC0PHuA6WH/framer.M2tMxbwv.mjs:3:2957)
    at dd (https://framerusercontent.com/sites/5OdC8fFdfIksjC0PHuA6WH/framer.M2tMxbwv.mjs:51:2003)
    at Wu (https://framerusercontent.com/sites/5OdC8fFdfIksjC0PHuA6WH/framer.M2tMxbwv.mjs:49:89372)
    at mw (https://framerusercontent.com/sites/5OdC8fFdfIksjC0PHuA6WH/framer.M2tMxbwv.mjs:1031:16900)
    at _n (https://framerusercontent.com/sites/5OdC8fFdfIksjC0PHuA6WH/framer.M2tMxbwv.mjs:7:9152)
    at oa (https://framerusercontent.com/sites/5OdC8fFdfIksjC0PHuA6WH/motion.BXVtp1rV.mjs:9:1424)
    at yr (https://framerusercontent.com/sites/5OdC8fFdfIksjC0PHuA6WH/framer.M2tMxbwv.mjs:49:6495)
    at Sd (https://framerusercontent.com/sites/5OdC8fFdfIksjC0PHuA6WH/framer.M2tMxbwv.mjs:51:7399)
    at iC (https://framerusercontent.com/sites/5OdC8fFdfIksjC0PHuA6WH/framer.M2tMxbwv.mjs:1031:6148)
    at zn (https://framerusercontent.com/sites/5OdC8fFdfIksjC0PHuA6WH/framer.M2tMxbwv.mjs:7:14043) @ https://framerusercontent.com/sites/5OdC8fFdfIksjC0PHuA6WH/script_main.CH5-YVqc.mjs:0
[     470ms] [WARNING] Caught a recoverable error. The site is still functional, but might have some UI flickering or degraded page load performance. If you are the author of this website, update external components and check recently added custom code or code overrides to fix the following server/client mismatches:
 Error: Minified React error #422; visit https://reactjs.org/docs/error-decoder.html?invariant=422 for the full message or use the non-minified dev environment for full errors and additional helpful warnings.
    at ns (https://framerusercontent.com/sites/5OdC8fFdfIksjC0PHuA6WH/react.ZuBMAs26.mjs:8:8255)
    at $o (https://framerusercontent.com/sites/5OdC8fFdfIksjC0PHuA6WH/react.ZuBMAs26.mjs:8:7196)
    at cp (https://framerusercontent.com/sites/5OdC8fFdfIksjC0PHuA6WH/react.ZuBMAs26.mjs:8:68482)
    at $s (https://framerusercontent.com/sites/5OdC8fFdfIksjC0PHuA6WH/react.ZuBMAs26.mjs:8:37073)
    at Qs (https://framerusercontent.com/sites/5OdC8fFdfIksjC0PHuA6WH/react.ZuBMAs26.mjs:8:37046)
    at Ls (https://framerusercontent.com/sites/5OdC8fFdfIksjC0PHuA6WH/react.ZuBMAs26.mjs:8:32130)
    at wt (https://framerusercontent.com/sites/5OdC8fFdfIksjC0PHuA6WH/react.ZuBMAs26.mjs:1:10651)
    at MessagePort.Et (https://framerusercontent.com/sites/5OdC8fFdfIksjC0PHuA6WH/react.ZuBMAs26.mjs:1:11006) null @ https://framerusercontent.com/sites/5OdC8fFdfIksjC0PHuA6WH/script_main.CH5-YVqc.mjs:0
[     470ms] [WARNING] Caught a recoverable error. The site is still functional, but might have some UI flickering or degraded page load performance. If you are the author of this website, update external components and check recently added custom code or code overrides to fix the following server/client mismatches:
 Error: Minified React error #425; visit https://reactjs.org/docs/error-decoder.html?invariant=425 for the full message or use the non-minified dev environment for full errors and additional helpful warnings.
    at Ii (https://framerusercontent.com/sites/5OdC8fFdfIksjC0PHuA6WH/react.ZuBMAs26.mjs:6:68)
    at us (https://framerusercontent.com/sites/5OdC8fFdfIksjC0PHuA6WH/react.ZuBMAs26.mjs:8:14036)
    at ec (https://framerusercontent.com/sites/5OdC8fFdfIksjC0PHuA6WH/react.ZuBMAs26.mjs:8:37372)
    at $s (https://framerusercontent.com/sites/5OdC8fFdfIksjC0PHuA6WH/react.ZuBMAs26.mjs:8:37134)
    at Qs (https://framerusercontent.com/sites/5OdC8fFdfIksjC0PHuA6WH/react.ZuBMAs26.mjs:8:37046)
    at Ls (https://framerusercontent.com/sites/5OdC8fFdfIksjC0PHuA6WH/react.ZuBMAs26.mjs:8:32130)
    at wt (https://framerusercontent.com/sites/5OdC8fFdfIksjC0PHuA6WH/react.ZuBMAs26.mjs:1:10651)
    at MessagePort.Et (https://framerusercontent.com/sites/5OdC8fFdfIksjC0PHuA6WH/react.ZuBMAs26.mjs:1:11006) 
    at style
    at div
    at f (https://framerusercontent.com/sites/5OdC8fFdfIksjC0PHuA6WH/RollingTextHover_Prod.FWLbm19V.mjs:1:251)
    at MS (https://framerusercontent.com/sites/5OdC8fFdfIksjC0PHuA6WH/framer.M2tMxbwv.mjs:1031:716)
    at Suspense
    at dl (https://framerusercontent.com/sites/5OdC8fFdfIksjC0PHuA6WH/framer.M2tMxbwv.mjs:49:69946)
    at _l (https://framerusercontent.com/sites/5OdC8fFdfIksjC0PHuA6WH/framer.M2tMxbwv.mjs:49:70610)
    at gl (https://framerusercontent.com/sites/5OdC8fFdfIksjC0PHuA6WH/framer.M2tMxbwv.mjs:49:70472)
    at bl (https://framerusercontent.com/sites/5OdC8fFdfIksjC0PHuA6WH/framer.M2tMxbwv.mjs:49:70881)
    at div
    at s (https://framerusercontent.com/sites/5OdC8fFdfIksjC0PHuA6WH/motion.BXVtp1rV.mjs:9:5743)
    at https://framerusercontent.com/sites/5OdC8fFdfIksjC0PHuA6WH/framer.M2tMxbwv.mjs:1031:1952
    at https://framerusercontent.com/sites/5OdC8fFdfIksjC0PHuA6WH/framer.M2tMxbwv.mjs:1024:32058
    at a
    at s (https://framerusercontent.com/sites/5OdC8fFdfIksjC0PHuA6WH/motion.BXVtp1rV.mjs:9:5743)
    at https://framerusercontent.com/sites/5OdC8fFdfIksjC0PHuA6WH/framer.M2tMxbwv.mjs:1031:7228
    at Suspense
    at dl (https://framerusercontent.com/sites/5OdC8fFdfIksjC0PHuA6WH/framer.M2tMxbwv.mjs:49:69946)
    at $l (https://framerusercontent.com/sites/5OdC8fFdfIksjC0PHuA6WH/framer.M2tMxbwv.mjs:49:76744)
    at xt (https://framerusercontent.com/sites/5OdC8fFdfIksjC0PHuA6WH/script_main.CH5-YVqc.mjs:1:18344)
    at s (https://framerusercontent.com/sites/5OdC8fFdfIksjC0PHuA6WH/motion.BXVtp1rV.mjs:9:5743)
    at sf (https://framerusercontent.com/sites/5OdC8fFdfIksjC0PHuA6WH/motion.BXVtp1rV.mjs:9:71933)
    at https://framerusercontent.com/sites/5OdC8fFdfIksjC0PHuA6WH/script_main.CH5-YVqc.mjs:1:18784
    at https://framerusercontent.com/sites/5OdC8fFdfIksjC0PHuA6WH/framer.M2tMxbwv.mjs:112:34587
    at div
    at s (https://framerusercontent.com/sites/5OdC8fFdfIksjC0PHuA6WH/motion.BXVtp1rV.mjs:9:5743)
    at https://framerusercontent.com/sites/5OdC8fFdfIksjC0PHuA6WH/framer.M2tMxbwv.mjs:1031:1952
    at https://framerusercontent.com/sites/5OdC8fFdfIksjC0PHuA6WH/framer.M2tMxbwv.mjs:1024:30391
    at https://framerusercontent.com/sites/5OdC8fFdfIksjC0PHuA6WH/framer.M2tMxbwv.mjs:1024:32058
    at https://framerusercontent.com/sites/5OdC8fFdfIksjC0PHuA6WH/framer.M2tMxbwv.mjs:1031:17131
    at Suspense
    at dl (https://framerusercontent.com/sites/5OdC8fFdfIksjC0PHuA6WH/framer.M2tMxbwv.mjs:49:69946)
    at $l (https://framerusercontent.com/sites/5OdC8fFdfIksjC0PHuA6WH/framer.M2tMxbwv.mjs:49:76744)
    at div
    at s (https://framerusercontent.com/sites/5OdC8fFdfIksjC0PHuA6WH/motion.BXVtp1rV.mjs:9:5743)
    at div
    at s (https://framerusercontent.com/sites/5OdC8fFdfIksjC0PHuA6WH/motion.BXVtp1rV.mjs:9:5743)
    at div
    at s (https://framerusercontent.com/sites/5OdC8fFdfIksjC0PHuA6WH/motion.BXVtp1rV.mjs:9:5743)
    at div
    at s (https://framerusercontent.com/sites/5OdC8fFdfIksjC0PHuA6WH/motion.BXVtp1rV.mjs:9:5743)
    at footer
    at s (https://framerusercontent.com/sites/5OdC8fFdfIksjC0PHuA6WH/motion.BXVtp1rV.mjs:9:5743)
    at Vt (https://framerusercontent.com/sites/5OdC8fFdfIksjC0PHuA6WH/script_main.CH5-YVqc.mjs:1:23052)
    at s (https://framerusercontent.com/sites/5OdC8fFdfIksjC0PHuA6WH/motion.BXVtp1rV.mjs:9:5743)
    at sf (https://framerusercontent.com/sites/5OdC8fFdfIksjC0PHuA6WH/motion.BXVtp1rV.mjs:9:71933)
    at https://framerusercontent.com/sites/5OdC8fFdfIksjC0PHuA6WH/script_main.CH5-YVqc.mjs:1:23457
    at https://framerusercontent.com/sites/5OdC8fFdfIksjC0PHuA6WH/framer.M2tMxbwv.mjs:112:34587
    at div
    at https://framerusercontent.com/sites/5OdC8fFdfIksjC0PHuA6WH/framer.M2tMxbwv.mjs:1024:26752
    at https://framerusercontent.com/sites/5OdC8fFdfIksjC0PHuA6WH/framer.M2tMxbwv.mjs:112:34587
    at sf (https://framerusercontent.com/sites/5OdC8fFdfIksjC0PHuA6WH/motion.BXVtp1rV.mjs:9:71933)
    at ta (https://framerusercontent.com/sites/5OdC8fFdfIksjC0PHuA6WH/framer.M2tMxbwv.mjs:49:23546)
    at div
    at s (https://framerusercontent.com/sites/5OdC8fFdfIksjC0PHuA6WH/motion.BXVtp1rV.mjs:9:5743)
    at https://framerusercontent.com/sites/5OdC8fFdfIksjC0PHuA6WH/framer.M2tMxbwv.mjs:1031:1471
    at https://framerusercontent.com/sites/5OdC8fFdfIksjC0PHuA6WH/framer.M2tMxbwv.mjs:1024:32245
    at https://framerusercontent.com/sites/5OdC8fFdfIksjC0PHuA6WH/framer.M2tMxbwv.mjs:1024:32058
    at div
    at s (https://framerusercontent.com/sites/5OdC8fFdfIksjC0PHuA6WH/motion.BXVtp1rV.mjs:9:5743)
    at sf (https://framerusercontent.com/sites/5OdC8fFdfIksjC0PHuA6WH/motion.BXVtp1rV.mjs:9:71933)
    at https://framerusercontent.com/sites/5OdC8fFdfIksjC0PHuA6WH/script_main.CH5-YVqc.mjs:1:60644
    at https://framerusercontent.com/sites/5OdC8fFdfIksjC0PHuA6WH/framer.M2tMxbwv.mjs:112:34587
    at ir (https://framerusercontent.com/sites/5OdC8fFdfIksjC0PHuA6WH/script_main.CH5-YVqc.mjs:1:65259)
    at fd (https://framerusercontent.com/sites/5OdC8fFdfIksjC0PHuA6WH/framer.M2tMxbwv.mjs:51:6134)
    at B_ (https://framerusercontent.com/sites/5OdC8fFdfIksjC0PHuA6WH/framer.M2tMxbwv.mjs:112:6184)
    at Suspense
    at dl (https://framerusercontent.com/sites/5OdC8fFdfIksjC0PHuA6WH/framer.M2tMxbwv.mjs:49:69946)
    at DS (https://framerusercontent.com/sites/5OdC8fFdfIksjC0PHuA6WH/framer.M2tMxbwv.mjs:1024:32345)
    at Vu (https://framerusercontent.com/sites/5OdC8fFdfIksjC0PHuA6WH/framer.M2tMxbwv.mjs:49:88516)
    at kr (https://framerusercontent.com/sites/5OdC8fFdfIksjC0PHuA6WH/framer.M2tMxbwv.mjs:49:7161)
    at https://framerusercontent.com/sites/5OdC8fFdfIksjC0PHuA6WH/framer.M2tMxbwv.mjs:1031:2511
    at https://framerusercontent.com/sites/5OdC8fFdfIksjC0PHuA6WH/framer.M2tMxbwv.mjs:112:34587
    at Dt (https://framerusercontent.com/sites/5OdC8fFdfIksjC0PHuA6WH/framer.M2tMxbwv.mjs:3:2957)
    at dd (https://framerusercontent.com/sites/5OdC8fFdfIksjC0PHuA6WH/framer.M2tMxbwv.mjs:51:2003)
    at Wu (https://framerusercontent.com/sites/5OdC8fFdfIksjC0PHuA6WH/framer.M2tMxbwv.mjs:49:89372)
    at mw (https://framerusercontent.com/sites/5OdC8fFdfIksjC0PHuA6WH/framer.M2tMxbwv.mjs:1031:16900)
    at _n (https://framerusercontent.com/sites/5OdC8fFdfIksjC0PHuA6WH/framer.M2tMxbwv.mjs:7:9152)
    at oa (https://framerusercontent.com/sites/5OdC8fFdfIksjC0PHuA6WH/motion.BXVtp1rV.mjs:9:1424)
    at yr (https://framerusercontent.com/sites/5OdC8fFdfIksjC0PHuA6WH/framer.M2tMxbwv.mjs:49:6495)
    at Sd (https://framerusercontent.com/sites/5OdC8fFdfIksjC0PHuA6WH/framer.M2tMxbwv.mjs:51:7399)
    at iC (https://framerusercontent.com/sites/5OdC8fFdfIksjC0PHuA6WH/framer.M2tMxbwv.mjs:1031:6148)
    at zn (https://framerusercontent.com/sites/5OdC8fFdfIksjC0PHuA6WH/framer.M2tMxbwv.mjs:7:14043) @ https://framerusercontent.com/sites/5OdC8fFdfIksjC0PHuA6WH/script_main.CH5-YVqc.mjs:0
[     470ms] [WARNING] Caught a recoverable error. The site is still functional, but might have some UI flickering or degraded page load performance. If you are the author of this website, update external components and check recently added custom code or code overrides to fix the following server/client mismatches:
 Error: Minified React error #422; visit https://reactjs.org/docs/error-decoder.html?invariant=422 for the full message or use the non-minified dev environment for full errors and additional helpful warnings.
    at ns (https://framerusercontent.com/sites/5OdC8fFdfIksjC0PHuA6WH/react.ZuBMAs26.mjs:8:8255)
    at $o (https://framerusercontent.com/sites/5OdC8fFdfIksjC0PHuA6WH/react.ZuBMAs26.mjs:8:7196)
    at cp (https://framerusercontent.com/sites/5OdC8fFdfIksjC0PHuA6WH/react.ZuBMAs26.mjs:8:68482)
    at $s (https://framerusercontent.com/sites/5OdC8fFdfIksjC0PHuA6WH/react.ZuBMAs26.mjs:8:37073)
    at Qs (https://framerusercontent.com/sites/5OdC8fFdfIksjC0PHuA6WH/react.ZuBMAs26.mjs:8:37046)
    at Ls (https://framerusercontent.com/sites/5OdC8fFdfIksjC0PHuA6WH/react.ZuBMAs26.mjs:8:32130)
    at wt (https://framerusercontent.com/sites/5OdC8fFdfIksjC0PHuA6WH/react.ZuBMAs26.mjs:1:10651)
    at MessagePort.Et (https://framerusercontent.com/sites/5OdC8fFdfIksjC0PHuA6WH/react.ZuBMAs26.mjs:1:11006) null @ https://framerusercontent.com/sites/5OdC8fFdfIksjC0PHuA6WH/script_main.CH5-YVqc.mjs:0
[     470ms] [WARNING] Caught a recoverable error. The site is still functional, but might have some UI flickering or degraded page load performance. If you are the author of this website, update external components and check recently added custom code or code overrides to fix the following server/client mismatches:
 Error: Minified React error #425; visit https://reactjs.org/docs/error-decoder.html?invariant=425 for the full message or use the non-minified dev environment for full errors and additional helpful warnings.
    at Ii (https://framerusercontent.com/sites/5OdC8fFdfIksjC0PHuA6WH/react.ZuBMAs26.mjs:6:68)
    at us (https://framerusercontent.com/sites/5OdC8fFdfIksjC0PHuA6WH/react.ZuBMAs26.mjs:8:14036)
    at ec (https://framerusercontent.com/sites/5OdC8fFdfIksjC0PHuA6WH/react.ZuBMAs26.mjs:8:37372)
    at $s (https://framerusercontent.com/sites/5OdC8fFdfIksjC0PHuA6WH/react.ZuBMAs26.mjs:8:37134)
    at Qs (https://framerusercontent.com/sites/5OdC8fFdfIksjC0PHuA6WH/react.ZuBMAs26.mjs:8:37046)
    at Ls (https://framerusercontent.com/sites/5OdC8fFdfIksjC0PHuA6WH/react.ZuBMAs26.mjs:8:32130)
    at wt (https://framerusercontent.com/sites/5OdC8fFdfIksjC0PHuA6WH/react.ZuBMAs26.mjs:1:10651)
    at MessagePort.Et (https://framerusercontent.com/sites/5OdC8fFdfIksjC0PHuA6WH/react.ZuBMAs26.mjs:1:11006) 
    at style
    at div
    at f (https://framerusercontent.com/sites/5OdC8fFdfIksjC0PHuA6WH/RollingTextHover_Prod.FWLbm19V.mjs:1:251)
    at MS (https://framerusercontent.com/sites/5OdC8fFdfIksjC0PHuA6WH/framer.M2tMxbwv.mjs:1031:716)
    at Suspense
    at dl (https://framerusercontent.com/sites/5OdC8fFdfIksjC0PHuA6WH/framer.M2tMxbwv.mjs:49:69946)
    at _l (https://framerusercontent.com/sites/5OdC8fFdfIksjC0PHuA6WH/framer.M2tMxbwv.mjs:49:70610)
    at gl (https://framerusercontent.com/sites/5OdC8fFdfIksjC0PHuA6WH/framer.M2tMxbwv.mjs:49:70472)
    at bl (https://framerusercontent.com/sites/5OdC8fFdfIksjC0PHuA6WH/framer.M2tMxbwv.mjs:49:70881)
    at div
    at s (https://framerusercontent.com/sites/5OdC8fFdfIksjC0PHuA6WH/motion.BXVtp1rV.mjs:9:5743)
    at https://framerusercontent.com/sites/5OdC8fFdfIksjC0PHuA6WH/framer.M2tMxbwv.mjs:1031:1952
    at https://framerusercontent.com/sites/5OdC8fFdfIksjC0PHuA6WH/framer.M2tMxbwv.mjs:1024:32058
    at a
    at s (https://framerusercontent.com/sites/5OdC8fFdfIksjC0PHuA6WH/motion.BXVtp1rV.mjs:9:5743)
    at https://framerusercontent.com/sites/5OdC8fFdfIksjC0PHuA6WH/framer.M2tMxbwv.mjs:1031:7228
    at Suspense
    at dl (https://framerusercontent.com/sites/5OdC8fFdfIksjC0PHuA6WH/framer.M2tMxbwv.mjs:49:69946)
    at $l (https://framerusercontent.com/sites/5OdC8fFdfIksjC0PHuA6WH/framer.M2tMxbwv.mjs:49:76744)
    at xt (https://framerusercontent.com/sites/5OdC8fFdfIksjC0PHuA6WH/script_main.CH5-YVqc.mjs:1:18344)
    at s (https://framerusercontent.com/sites/5OdC8fFdfIksjC0PHuA6WH/motion.BXVtp1rV.mjs:9:5743)
    at sf (https://framerusercontent.com/sites/5OdC8fFdfIksjC0PHuA6WH/motion.BXVtp1rV.mjs:9:71933)
    at https://framerusercontent.com/sites/5OdC8fFdfIksjC0PHuA6WH/script_main.CH5-YVqc.mjs:1:18784
    at https://framerusercontent.com/sites/5OdC8fFdfIksjC0PHuA6WH/framer.M2tMxbwv.mjs:112:34587
    at div
    at s (https://framerusercontent.com/sites/5OdC8fFdfIksjC0PHuA6WH/motion.BXVtp1rV.mjs:9:5743)
    at https://framerusercontent.com/sites/5OdC8fFdfIksjC0PHuA6WH/framer.M2tMxbwv.mjs:1031:1952
    at https://framerusercontent.com/sites/5OdC8fFdfIksjC0PHuA6WH/framer.M2tMxbwv.mjs:1024:30391
    at https://framerusercontent.com/sites/5OdC8fFdfIksjC0PHuA6WH/framer.M2tMxbwv.mjs:1024:32058
    at https://framerusercontent.com/sites/5OdC8fFdfIksjC0PHuA6WH/framer.M2tMxbwv.mjs:1031:17131
    at Suspense
    at dl (https://framerusercontent.com/sites/5OdC8fFdfIksjC0PHuA6WH/framer.M2tMxbwv.mjs:49:69946)
    at $l (https://framerusercontent.com/sites/5OdC8fFdfIksjC0PHuA6WH/framer.M2tMxbwv.mjs:49:76744)
    at div
    at s (https://framerusercontent.com/sites/5OdC8fFdfIksjC0PHuA6WH/motion.BXVtp1rV.mjs:9:5743)
    at div
    at s (https://framerusercontent.com/sites/5OdC8fFdfIksjC0PHuA6WH/motion.BXVtp1rV.mjs:9:5743)
    at div
    at s (https://framerusercontent.com/sites/5OdC8fFdfIksjC0PHuA6WH/motion.BXVtp1rV.mjs:9:5743)
    at div
    at s (https://framerusercontent.com/sites/5OdC8fFdfIksjC0PHuA6WH/motion.BXVtp1rV.mjs:9:5743)
    at footer
    at s (https://framerusercontent.com/sites/5OdC8fFdfIksjC0PHuA6WH/motion.BXVtp1rV.mjs:9:5743)
    at Vt (https://framerusercontent.com/sites/5OdC8fFdfIksjC0PHuA6WH/script_main.CH5-YVqc.mjs:1:23052)
    at s (https://framerusercontent.com/sites/5OdC8fFdfIksjC0PHuA6WH/motion.BXVtp1rV.mjs:9:5743)
    at sf (https://framerusercontent.com/sites/5OdC8fFdfIksjC0PHuA6WH/motion.BXVtp1rV.mjs:9:71933)
    at https://framerusercontent.com/sites/5OdC8fFdfIksjC0PHuA6WH/script_main.CH5-YVqc.mjs:1:23457
    at https://framerusercontent.com/sites/5OdC8fFdfIksjC0PHuA6WH/framer.M2tMxbwv.mjs:112:34587
    at div
    at https://framerusercontent.com/sites/5OdC8fFdfIksjC0PHuA6WH/framer.M2tMxbwv.mjs:1024:26752
    at https://framerusercontent.com/sites/5OdC8fFdfIksjC0PHuA6WH/framer.M2tMxbwv.mjs:112:34587
    at sf (https://framerusercontent.com/sites/5OdC8fFdfIksjC0PHuA6WH/motion.BXVtp1rV.mjs:9:71933)
    at ta (https://framerusercontent.com/sites/5OdC8fFdfIksjC0PHuA6WH/framer.M2tMxbwv.mjs:49:23546)
    at div
    at s (https://framerusercontent.com/sites/5OdC8fFdfIksjC0PHuA6WH/motion.BXVtp1rV.mjs:9:5743)
    at https://framerusercontent.com/sites/5OdC8fFdfIksjC0PHuA6WH/framer.M2tMxbwv.mjs:1031:1471
    at https://framerusercontent.com/sites/5OdC8fFdfIksjC0PHuA6WH/framer.M2tMxbwv.mjs:1024:32245
    at https://framerusercontent.com/sites/5OdC8fFdfIksjC0PHuA6WH/framer.M2tMxbwv.mjs:1024:32058
    at div
    at s (https://framerusercontent.com/sites/5OdC8fFdfIksjC0PHuA6WH/motion.BXVtp1rV.mjs:9:5743)
    at sf (https://framerusercontent.com/sites/5OdC8fFdfIksjC0PHuA6WH/motion.BXVtp1rV.mjs:9:71933)
    at https://framerusercontent.com/sites/5OdC8fFdfIksjC0PHuA6WH/script_main.CH5-YVqc.mjs:1:60644
    at https://framerusercontent.com/sites/5OdC8fFdfIksjC0PHuA6WH/framer.M2tMxbwv.mjs:112:34587
    at ir (https://framerusercontent.com/sites/5OdC8fFdfIksjC0PHuA6WH/script_main.CH5-YVqc.mjs:1:65259)
    at fd (https://framerusercontent.com/sites/5OdC8fFdfIksjC0PHuA6WH/framer.M2tMxbwv.mjs:51:6134)
    at B_ (https://framerusercontent.com/sites/5OdC8fFdfIksjC0PHuA6WH/framer.M2tMxbwv.mjs:112:6184)
    at Suspense
    at dl (https://framerusercontent.com/sites/5OdC8fFdfIksjC0PHuA6WH/framer.M2tMxbwv.mjs:49:69946)
    at DS (https://framerusercontent.com/sites/5OdC8fFdfIksjC0PHuA6WH/framer.M2tMxbwv.mjs:1024:32345)
    at Vu (https://framerusercontent.com/sites/5OdC8fFdfIksjC0PHuA6WH/framer.M2tMxbwv.mjs:49:88516)
    at kr (https://framerusercontent.com/sites/5OdC8fFdfIksjC0PHuA6WH/framer.M2tMxbwv.mjs:49:7161)
    at https://framerusercontent.com/sites/5OdC8fFdfIksjC0PHuA6WH/framer.M2tMxbwv.mjs:1031:2511
    at https://framerusercontent.com/sites/5OdC8fFdfIksjC0PHuA6WH/framer.M2tMxbwv.mjs:112:34587
    at Dt (https://framerusercontent.com/sites/5OdC8fFdfIksjC0PHuA6WH/framer.M2tMxbwv.mjs:3:2957)
    at dd (https://framerusercontent.com/sites/5OdC8fFdfIksjC0PHuA6WH/framer.M2tMxbwv.mjs:51:2003)
    at Wu (https://framerusercontent.com/sites/5OdC8fFdfIksjC0PHuA6WH/framer.M2tMxbwv.mjs:49:89372)
    at mw (https://framerusercontent.com/sites/5OdC8fFdfIksjC0PHuA6WH/framer.M2tMxbwv.mjs:1031:16900)
    at _n (https://framerusercontent.com/sites/5OdC8fFdfIksjC0PHuA6WH/framer.M2tMxbwv.mjs:7:9152)
    at oa (https://framerusercontent.com/sites/5OdC8fFdfIksjC0PHuA6WH/motion.BXVtp1rV.mjs:9:1424)
    at yr (https://framerusercontent.com/sites/5OdC8fFdfIksjC0PHuA6WH/framer.M2tMxbwv.mjs:49:6495)
    at Sd (https://framerusercontent.com/sites/5OdC8fFdfIksjC0PHuA6WH/framer.M2tMxbwv.mjs:51:7399)
    at iC (https://framerusercontent.com/sites/5OdC8fFdfIksjC0PHuA6WH/framer.M2tMxbwv.mjs:1031:6148)
    at zn (https://framerusercontent.com/sites/5OdC8fFdfIksjC0PHuA6WH/framer.M2tMxbwv.mjs:7:14043) @ https://framerusercontent.com/sites/5OdC8fFdfIksjC0PHuA6WH/script_main.CH5-YVqc.mjs:0
[     470ms] [WARNING] Caught a recoverable error. The site is still functional, but might have some UI flickering or degraded page load performance. If you are the author of this website, update external components and check recently added custom code or code overrides to fix the following server/client mismatches:
 Error: Minified React error #422; visit https://reactjs.org/docs/error-decoder.html?invariant=422 for the full message or use the non-minified dev environment for full errors and additional helpful warnings.
    at ns (https://framerusercontent.com/sites/5OdC8fFdfIksjC0PHuA6WH/react.ZuBMAs26.mjs:8:8255)
    at $o (https://framerusercontent.com/sites/5OdC8fFdfIksjC0PHuA6WH/react.ZuBMAs26.mjs:8:7196)
    at cp (https://framerusercontent.com/sites/5OdC8fFdfIksjC0PHuA6WH/react.ZuBMAs26.mjs:8:68482)
    at $s (https://framerusercontent.com/sites/5OdC8fFdfIksjC0PHuA6WH/react.ZuBMAs26.mjs:8:37073)
    at Qs (https://framerusercontent.com/sites/5OdC8fFdfIksjC0PHuA6WH/react.ZuBMAs26.mjs:8:37046)
    at Ls (https://framerusercontent.com/sites/5OdC8fFdfIksjC0PHuA6WH/react.ZuBMAs26.mjs:8:32130)
    at wt (https://framerusercontent.com/sites/5OdC8fFdfIksjC0PHuA6WH/react.ZuBMAs26.mjs:1:10651)
    at MessagePort.Et (https://framerusercontent.com/sites/5OdC8fFdfIksjC0PHuA6WH/react.ZuBMAs26.mjs:1:11006) null @ https://framerusercontent.com/sites/5OdC8fFdfIksjC0PHuA6WH/script_main.CH5-YVqc.mjs:0
[    2417ms] [LOG] [Framer On-Page Editing] Unavailable because not on a `framer.app` subdomain and access status is no-auth @ https://app.framerstatic.com/editorbar.EWYNLW33.mjs:0
